// Jest Snapshot v1, https://goo.gl/fbAQLP

exports[`<ButtonBase /> should match snapshot 1`] = `
<div>
  <button
    class="MuiButtonBase-root MuiFab-root MuiFab-circular MuiFab-sizeLarge css-a8igs1-MuiButtonBase-root-MuiFab-root"
    tabindex="0"
    type="button"
  >
    <div>
      Test
    </div>
    <span
      class="MuiTouchRipple-root css-8je8zh-MuiTouchRipple-root"
    />
  </button>
</div>
`;
